<testsuites id="" name="" tests="1" failures="1" skipped="0" errors="0" time="89.885686">
<testsuite name="08-permission-matrix.spec.ts" timestamp="2025-10-14T04:10:57.648Z" hostname="chromium" tests="1" failures="1" skipped="0" time="35.924" errors="0">
<testcase name="Permission Matrix E2E Tests › should test delete-case permission toggle for operations-manager role" classname="08-permission-matrix.spec.ts" time="35.924">
<failure message="08-permission-matrix.spec.ts:103:7 should test delete-case permission toggle for operations-manager role" type="FAILURE">
<![CDATA[  [chromium] › 08-permission-matrix.spec.ts:103:7 › Permission Matrix E2E Tests › should test delete-case permission toggle for operations-manager role 

    TimeoutError: page.waitForSelector: Timeout 10000ms exceeded.
    Call log:
      - waiting for locator('input[name="username"]') to be visible


      20 |     
      21 |     // Wait for login form to be visible
    > 22 |     await page.waitForSelector('input[name="username"]', { timeout: 10000 });
         |                ^
      23 |     
      24 |     // Fill login form
      25 |     await page.fill('input[name="username"]', username);
        at authenticateUser (/mnt/c/Users/anrong.low/TM-Case-Booking/e2e/tests/08-permission-matrix.spec.ts:22:16)
        at /mnt/c/Users/anrong.low/TM-Case-Booking/e2e/tests/08-permission-matrix.spec.ts:104:5

    attachment #1: screenshot (image/png) ──────────────────────────────────────────────────────────
    ../../test-results/08-permission-matrix-Permi-98284-for-operations-manager-role-chromium/test-failed-1.png
    ────────────────────────────────────────────────────────────────────────────────────────────────

    attachment #2: video (video/webm) ──────────────────────────────────────────────────────────────
    ../../test-results/08-permission-matrix-Permi-98284-for-operations-manager-role-chromium/video.webm
    ────────────────────────────────────────────────────────────────────────────────────────────────

    Error Context: ../../test-results/08-permission-matrix-Permi-98284-for-operations-manager-role-chromium/error-context.md

    Retry #1 ───────────────────────────────────────────────────────────────────────────────────────

    TimeoutError: page.waitForSelector: Timeout 10000ms exceeded.
    Call log:
      - waiting for locator('input[name="username"]') to be visible


      20 |     
      21 |     // Wait for login form to be visible
    > 22 |     await page.waitForSelector('input[name="username"]', { timeout: 10000 });
         |                ^
      23 |     
      24 |     // Fill login form
      25 |     await page.fill('input[name="username"]', username);
        at authenticateUser (/mnt/c/Users/anrong.low/TM-Case-Booking/e2e/tests/08-permission-matrix.spec.ts:22:16)
        at /mnt/c/Users/anrong.low/TM-Case-Booking/e2e/tests/08-permission-matrix.spec.ts:104:5

    attachment #1: screenshot (image/png) ──────────────────────────────────────────────────────────
    ../../test-results/08-permission-matrix-Permi-98284-for-operations-manager-role-chromium-retry1/test-failed-1.png
    ────────────────────────────────────────────────────────────────────────────────────────────────

    attachment #2: video (video/webm) ──────────────────────────────────────────────────────────────
    ../../test-results/08-permission-matrix-Permi-98284-for-operations-manager-role-chromium-retry1/video.webm
    ────────────────────────────────────────────────────────────────────────────────────────────────

    Error Context: ../../test-results/08-permission-matrix-Permi-98284-for-operations-manager-role-chromium-retry1/error-context.md

    attachment #4: trace (application/zip) ─────────────────────────────────────────────────────────
    ../../test-results/08-permission-matrix-Permi-98284-for-operations-manager-role-chromium-retry1/trace.zip
    Usage:

        npx playwright show-trace ../../test-results/08-permission-matrix-Permi-98284-for-operations-manager-role-chromium-retry1/trace.zip

    ────────────────────────────────────────────────────────────────────────────────────────────────
]]>
</failure>
<system-out>
<![CDATA[
[[ATTACHMENT|08-permission-matrix-Permi-98284-for-operations-manager-role-chromium/test-failed-1.png]]

[[ATTACHMENT|08-permission-matrix-Permi-98284-for-operations-manager-role-chromium/video.webm]]

[[ATTACHMENT|08-permission-matrix-Permi-98284-for-operations-manager-role-chromium/error-context.md]]

[[ATTACHMENT|08-permission-matrix-Permi-98284-for-operations-manager-role-chromium-retry1/test-failed-1.png]]

[[ATTACHMENT|08-permission-matrix-Permi-98284-for-operations-manager-role-chromium-retry1/video.webm]]

[[ATTACHMENT|08-permission-matrix-Permi-98284-for-operations-manager-role-chromium-retry1/error-context.md]]

[[ATTACHMENT|08-permission-matrix-Permi-98284-for-operations-manager-role-chromium-retry1/trace.zip]]
]]>
</system-out>
</testcase>
</testsuite>
</testsuites>